// Jest Snapshot v1, https://goo.gl/fbAQLP

exports[`FavButton Snapshot Comprobar la Ui del componente Footer 1`] = `
<article
  className="sc-dlnjPT bipitr"
/>
`;
