// Jest Snapshot v1, https://goo.gl/fbAQLP

exports[`FavButton Snapshot Comprobar la Ui del componente Footer 1`] = `
<button
  className="sc-bdnylx LQFXu"
/>
`;
